// Jest Snapshot v1, https://goo.gl/fbAQLP

exports[`Document renders the document with the props passed 1`] = `"<html lang=\\"en-US\\"><head><title>Holocron dev server</title></head><body><div id=\\"root\\"></div><script id=\\"initial-state\\">window.__render_mode__ = 'render';window.__webpack_public_path__ = '/static/app/';window.__holocron_module_bundle_type__ = 'browser';window.__pwa_metadata__ = { serviceWorker: false };window.__CLIENT_HOLOCRON_MODULE_MAP__ = {\\"modules\\":{\\"root-module\\":{\\"browser\\":\\"/static/modules/root-module/root-module.js\\"}}};window.__INITIAL_STATE__ = {};</script><script src=\\"/static/app/app~vendors.js\\"></script><script src=\\"/static/app/runtime.js\\"></script><script src=\\"/static/app/vendors.js\\"></script><script src=\\"/static/app/i18n/en-us.js\\"></script><script src=\\"/static/vendor/vendors.js\\"></script><script src=\\"/static/modules/root-module/root-module.js\\"></script><script src=\\"/static/app/app.js\\"></script></body></html>"`;

exports[`Document renders the document without props 1`] = `"<html lang=\\"en-US\\"><head><title>Holocron dev server</title></head><body><div id=\\"root\\"></div><script id=\\"initial-state\\">window.__render_mode__ = 'render';window.__webpack_public_path__ = '/static/app/';window.__holocron_module_bundle_type__ = 'browser';window.__pwa_metadata__ = { serviceWorker: false };window.__CLIENT_HOLOCRON_MODULE_MAP__ = {};window.__INITIAL_STATE__ = {};</script><script src=\\"/static/app/app~vendors.js\\"></script><script src=\\"/static/app/runtime.js\\"></script><script src=\\"/static/app/vendors.js\\"></script><script src=\\"/static/app/i18n/en-us.js\\"></script><script src=\\"/static/app/app.js\\"></script></body></html>"`;
