// Jest Snapshot v1, https://goo.gl/fbAQLP

exports[`--modules option is required if --dev-endpoints option is given 1`] = `
Array [
  Array [
    "Options:
  --version                 Show version number                        [boolean]
  --module-map-url          module map for One App to use and fetch modules from
                                                                        [string]
  --root-module-name        name of the module to serve as an entry point to
                            your application                 [string] [required]
  --docker-image            docker image to use for One App  [string] [required]
  --parrot-middleware       path to parrot dev middleware file for One App to
                            use for Parrot mocking                      [string]
  --modules                 path to local module to serve to One App     [array]
  --dev-endpoints           path to dev endpoints file for One App to use for
                            its One App Dev Proxy set up                [string]
  --envVars                 Environment variables to be applied to the One App
                            instance
  --output-file             File to redirect all stdout and stderr from One App
                            Container to                                [string]
  --create-docker-network   Creates a new docker network
                                                      [boolean] [default: false]
  --docker-network-to-join  Connect One App container to a docker network
                                                                        [string]
  --use-host                Use req.headers.host instead of localhost for
                            one-app-dev-cdn           [boolean] [default: false]
  --offline                 skip docker pull when the docker registry is not
                            available / offline       [boolean] [default: false]
  ----container-name        Assign a container name with the --name option
                                                                        [string]
  --help                    Show help                                  [boolean]",
  ],
  Array [],
  Array [
    "Missing dependent arguments:
 dev-endpoints -> modules",
  ],
]
`;

exports[`--modules option is required if --module-map-url option is not given 1`] = `
Array [
  Array [
    "Options:
  --version                 Show version number                        [boolean]
  --module-map-url          module map for One App to use and fetch modules from
                                                                        [string]
  --root-module-name        name of the module to serve as an entry point to
                            your application                 [string] [required]
  --docker-image            docker image to use for One App  [string] [required]
  --parrot-middleware       path to parrot dev middleware file for One App to
                            use for Parrot mocking                      [string]
  --modules                 path to local module to serve to One App
                                                              [array] [required]
  --dev-endpoints           path to dev endpoints file for One App to use for
                            its One App Dev Proxy set up                [string]
  --envVars                 Environment variables to be applied to the One App
                            instance
  --output-file             File to redirect all stdout and stderr from One App
                            Container to                                [string]
  --create-docker-network   Creates a new docker network
                                                      [boolean] [default: false]
  --docker-network-to-join  Connect One App container to a docker network
                                                                        [string]
  --use-host                Use req.headers.host instead of localhost for
                            one-app-dev-cdn           [boolean] [default: false]
  --offline                 skip docker pull when the docker registry is not
                            available / offline       [boolean] [default: false]
  ----container-name        Assign a container name with the --name option
                                                                        [string]
  --help                    Show help                                  [boolean]",
  ],
  Array [],
  Array [
    "Missing required argument: modules",
  ],
]
`;

exports[`--modules option is required if --parrot-middleware option is given 1`] = `
Array [
  Array [
    "Options:
  --version                 Show version number                        [boolean]
  --module-map-url          module map for One App to use and fetch modules from
                                                                        [string]
  --root-module-name        name of the module to serve as an entry point to
                            your application                 [string] [required]
  --docker-image            docker image to use for One App  [string] [required]
  --parrot-middleware       path to parrot dev middleware file for One App to
                            use for Parrot mocking                      [string]
  --modules                 path to local module to serve to One App     [array]
  --dev-endpoints           path to dev endpoints file for One App to use for
                            its One App Dev Proxy set up                [string]
  --envVars                 Environment variables to be applied to the One App
                            instance
  --output-file             File to redirect all stdout and stderr from One App
                            Container to                                [string]
  --create-docker-network   Creates a new docker network
                                                      [boolean] [default: false]
  --docker-network-to-join  Connect One App container to a docker network
                                                                        [string]
  --use-host                Use req.headers.host instead of localhost for
                            one-app-dev-cdn           [boolean] [default: false]
  --offline                 skip docker pull when the docker registry is not
                            available / offline       [boolean] [default: false]
  ----container-name        Assign a container name with the --name option
                                                                        [string]
  --help                    Show help                                  [boolean]",
  ],
  Array [],
  Array [
    "Missing dependent arguments:
 parrot-middleware -> modules",
  ],
]
`;

exports[`all options are used if specified 1`] = `
Array [
  Array [
    Object {
      "appDockerImage": "one-app:5.0.0",
      "containerName": undefined,
      "createDockerNetwork": false,
      "devEndpointsFile": "/fake/path/to/fake-module/dev.endpoints.js",
      "dockerNetworkToJoin": "one-test-environment-1234",
      "envVars": "MY_ENV_VAR=value",
      "moduleMapUrl": "httops://example.com/module-map.json",
      "modulesToServe": Array [
        "/fake/path/to/fake-module",
      ],
      "offline": true,
      "outputFile": "/fake/path/to/fake-module/one-app.log",
      "parrotMiddlewareFile": "/fake/path/to/fake-module/dev.middleware.js",
      "rootModuleName": "frank-lloyd-root",
      "useHost": true,
    },
  ],
]
`;

exports[`an \`envVars\` arg is supported 1`] = `
Object {
  "HELLO": "WORLD",
  "MY_VARIABLE": "my-variable",
}
`;

exports[`command errors out if --dev-endpoints is not given a value 1`] = `
Array [
  Array [
    "Options:
  --help               Show help                                       [boolean]
  --version            Show version number                             [boolean]
  --module-map-url     module map for One App to use and fetch modules from
                                                                        [string]
  --root-module-name   name of the module to serve as an entry point to your
                       application                           [string] [required]
  --docker-image       docker image to use for One App       [string] [required]
  --parrot-middleware  path to parrot dev middleware file for One App to use for
                       Parrot mocking                                   [string]",
  ],
  Array [],
  Array [
    "Missing required arguments: root-module-name, docker-image",
  ],
]
`;

exports[`command errors out if --docker-image option is not given 1`] = `
Array [
  Array [
    "Options:
  --help               Show help                                       [boolean]
  --version            Show version number                             [boolean]
  --module-map-url     module map for One App to use and fetch modules from
                                                                        [string]
  --root-module-name   name of the module to serve as an entry point to your
                       application                           [string] [required]
  --docker-image       docker image to use for One App       [string] [required]
  --parrot-middleware  path to parrot dev middleware file for One App to use for
                       Parrot mocking                                   [string]",
  ],
  Array [],
  Array [
    "Missing required argument: docker-image",
  ],
]
`;

exports[`command errors out if --docker-image option is not given a value 1`] = `
Array [
  Array [
    "Options:
  --help               Show help                                       [boolean]
  --version            Show version number                             [boolean]
  --module-map-url     module map for One App to use and fetch modules from
                                                                        [string]
  --root-module-name   name of the module to serve as an entry point to your
                       application                           [string] [required]
  --docker-image       docker image to use for One App       [string] [required]
  --parrot-middleware  path to parrot dev middleware file for One App to use for
                       Parrot mocking                                   [string]",
  ],
  Array [],
  Array [
    "⚠️   --docker-image option must be given a value but was not given one. Did you mean to pass a value? ⚠️",
  ],
]
`;

exports[`command errors out if --module-map-url option is not given 1`] = `
Array [
  Array [
    "Options:
  --version                 Show version number                        [boolean]
  --module-map-url          module map for One App to use and fetch modules from
                                                                        [string]
  --root-module-name        name of the module to serve as an entry point to
                            your application                 [string] [required]
  --docker-image            docker image to use for One App  [string] [required]
  --parrot-middleware       path to parrot dev middleware file for One App to
                            use for Parrot mocking                      [string]
  --modules                 path to local module to serve to One App
                                                              [array] [required]
  --dev-endpoints           path to dev endpoints file for One App to use for
                            its One App Dev Proxy set up                [string]
  --envVars                 Environment variables to be applied to the One App
                            instance
  --output-file             File to redirect all stdout and stderr from One App
                            Container to                                [string]
  --create-docker-network   Creates a new docker network
                                                      [boolean] [default: false]
  --docker-network-to-join  Connect One App container to a docker network
                                                                        [string]
  --use-host                Use req.headers.host instead of localhost for
                            one-app-dev-cdn           [boolean] [default: false]
  --offline                 skip docker pull when the docker registry is not
                            available / offline       [boolean] [default: false]
  ----container-name        Assign a container name with the --name option
                                                                        [string]
  --help                    Show help                                  [boolean]",
  ],
  Array [],
  Array [
    "Missing required argument: modules",
  ],
]
`;

exports[`command errors out if --module-map-url option is not given a value 1`] = `
Array [
  Array [
    "Options:
  --help               Show help                                       [boolean]
  --version            Show version number                             [boolean]
  --module-map-url     module map for One App to use and fetch modules from
                                                                        [string]
  --root-module-name   name of the module to serve as an entry point to your
                       application                           [string] [required]
  --docker-image       docker image to use for One App       [string] [required]
  --parrot-middleware  path to parrot dev middleware file for One App to use for
                       Parrot mocking                                   [string]",
  ],
  Array [],
  Array [
    "⚠️   --module-map-url option must be given a value but was not given one. Did you mean to pass a value? ⚠️",
  ],
]
`;

exports[`command errors out if --modules option is not given any values 1`] = `
Array [
  Array [
    "Options:
  --help               Show help                                       [boolean]
  --version            Show version number                             [boolean]
  --module-map-url     module map for One App to use and fetch modules from
                                                                        [string]
  --root-module-name   name of the module to serve as an entry point to your
                       application                           [string] [required]
  --docker-image       docker image to use for One App       [string] [required]
  --parrot-middleware  path to parrot dev middleware file for One App to use for
                       Parrot mocking                                   [string]",
  ],
  Array [],
  Array [
    "Missing required arguments: root-module-name, docker-image",
  ],
]
`;

exports[`command errors out if --root-module-name option is not given 1`] = `
Array [
  Array [
    "Options:
  --help               Show help                                       [boolean]
  --version            Show version number                             [boolean]
  --module-map-url     module map for One App to use and fetch modules from
                                                                        [string]
  --root-module-name   name of the module to serve as an entry point to your
                       application                           [string] [required]
  --docker-image       docker image to use for One App       [string] [required]
  --parrot-middleware  path to parrot dev middleware file for One App to use for
                       Parrot mocking                                   [string]",
  ],
  Array [],
  Array [
    "Missing required argument: root-module-name",
  ],
]
`;

exports[`command errors out if --root-module-name option is not given a value 1`] = `
Array [
  Array [
    "Options:
  --help               Show help                                       [boolean]
  --version            Show version number                             [boolean]
  --module-map-url     module map for One App to use and fetch modules from
                                                                        [string]
  --root-module-name   name of the module to serve as an entry point to your
                       application                           [string] [required]
  --docker-image       docker image to use for One App       [string] [required]
  --parrot-middleware  path to parrot dev middleware file for One App to use for
                       Parrot mocking                                   [string]",
  ],
  Array [],
  Array [
    "⚠️   --root-module-name option must be given a value but was not given one. Did you mean to pass a value? ⚠️",
  ],
]
`;

exports[`command errors out if an unknown option is given 1`] = `
Array [
  Array [
    "Options:
  --version                 Show version number                        [boolean]
  --module-map-url          module map for One App to use and fetch modules from
                                                                        [string]
  --root-module-name        name of the module to serve as an entry point to
                            your application                 [string] [required]
  --docker-image            docker image to use for One App  [string] [required]
  --parrot-middleware       path to parrot dev middleware file for One App to
                            use for Parrot mocking                      [string]
  --modules                 path to local module to serve to One App     [array]
  --dev-endpoints           path to dev endpoints file for One App to use for
                            its One App Dev Proxy set up                [string]
  --envVars                 Environment variables to be applied to the One App
                            instance
  --output-file             File to redirect all stdout and stderr from One App
                            Container to                                [string]
  --create-docker-network   Creates a new docker network
                                                      [boolean] [default: false]
  --docker-network-to-join  Connect One App container to a docker network
                                                                        [string]
  --use-host                Use req.headers.host instead of localhost for
                            one-app-dev-cdn           [boolean] [default: false]
  --offline                 skip docker pull when the docker registry is not
                            available / offline       [boolean] [default: false]
  ----container-name        Assign a container name with the --name option
                                                                        [string]
  --help                    Show help                                  [boolean]",
  ],
  Array [],
  Array [
    "Unknown arguments: not-a-valid-option, notAValidOption",
  ],
]
`;
