// Jest Snapshot v1, https://goo.gl/fbAQLP

exports[`enable-missing-externals-loader should append the enableUnlistedExternalFallbacks to the default export 1`] = `
"import MyComponent from './components/MyComponent';
export default MyComponent;
;
if (!global.BROWSER) {
  MyComponent.appConfig = Object.assign({}, MyComponent.appConfig, {
    enableUnlistedExternalFallbacks: \\"true\\",
  });
}
"
`;

exports[`enable-missing-externals-loader should throw an error when the wrong syntax is used - export default hoc() 1`] = `"@americanexpress/one-app-bundler: Module must use \`export default VariableName\` in index syntax to use app compatibility validation"`;

exports[`enable-missing-externals-loader should throw an error when the wrong syntax is used - export from 1`] = `"@americanexpress/one-app-bundler: Module must use \`export default VariableName\` in index syntax to use app compatibility validation"`;

exports[`enable-missing-externals-loader should throw an error when the wrong syntax is used - module.exports 1`] = `"@americanexpress/one-app-bundler: Module must use \`export default VariableName\` in index syntax to use app compatibility validation"`;
