// Jest Snapshot v1, https://goo.gl/fbAQLP

exports[`provided-externals-loader should append the providedExternals to the default export 1`] = `
"import MyComponent from './components/MyComponent';
export default MyComponent;
;
MyComponent.appConfig = Object.assign({}, MyComponent.appConfig, {
  providedExternals: {
    'ajv': { version: '6.12.6', module: require('ajv')},
  'lodash': { version: '4.17.20', module: require('lodash')},
  },
});

if(global.getTenantRootModule === undefined || (global.rootModuleName && global.rootModuleName === 'undefined')){
global.getTenantRootModule = () => MyComponent;
global.rootModuleName = 'undefined';
}
"
`;

exports[`provided-externals-loader should throw an error when the wrong syntax is used - export default hoc() 1`] = `"@americanexpress/one-app-bundler: Module must use \`export default VariableName\` in index syntax to use providedExternals"`;

exports[`provided-externals-loader should throw an error when the wrong syntax is used - export from 1`] = `"@americanexpress/one-app-bundler: Module must use \`export default VariableName\` in index syntax to use providedExternals"`;

exports[`provided-externals-loader should throw an error when the wrong syntax is used - module.exports 1`] = `"@americanexpress/one-app-bundler: Module must use \`export default VariableName\` in index syntax to use providedExternals"`;
