// Jest Snapshot v1, https://goo.gl/fbAQLP

exports[`validate-required-externals-loader should add versions for server side validation  1`] = `
"import SomeComponent from './SomeComponent';

export default SomeComponent;
;
if (!global.BROWSER) {
  SomeComponent.appConfig = Object.assign({}, SomeComponent.appConfig, {
    requiredExternals: {
      'ajv': '^6.7.0',
      'lodash': '^4.17.20',
    },
  });
}
"
`;

exports[`validate-required-externals-loader should throw an error when the wrong syntax is used - export default hoc() 1`] = `"@americanexpress/one-app-bundler: Module must use \`export default VariableName\` in index syntax to use requiredExternals"`;

exports[`validate-required-externals-loader should throw an error when the wrong syntax is used - export from 1`] = `"@americanexpress/one-app-bundler: Module must use \`export default VariableName\` in index syntax to use requiredExternals"`;

exports[`validate-required-externals-loader should throw an error when the wrong syntax is used - module.exports 1`] = `"@americanexpress/one-app-bundler: Module must use \`export default VariableName\` in index syntax to use requiredExternals"`;
