// Jest Snapshot v1, https://goo.gl/fbAQLP
// eslint-disable-next-line jest/no-large-snapshots
exports[`exports utils API functions 1`] = `
Array [
  "extractLanguageDataFromLocale",
  "loadModuleLanguagePacks",
  "writeModuleLanguagePacksToVolume",
  "addModuleLanguagePackToVolume",
  "removeModuleLanguagePackFromVolume",
  "loadLanguagePacks",
  "loadRemoteModuleMap",
  "createLocalModuleMap",
  "createUnifiedModuleMap",
  "createModuleMap",
  "renderDocument",
  "createInitialState",
  "getEntryScriptsForExternals",
  "getWebpackScriptsForLocalModules",
  "loadStatics",
  "loadOneAppStaticsFromDocker",
  "addStaticsDirToGitIgnore",
  "isDevelopment",
  "getLocalRootModule",
  "getModuleFromFilePath",
  "getModuleInfoFromLocalePath",
  "openBrowser",
  "getContextPath",
  "getStaticPath",
  "getModulesPath",
  "getOneAppPath",
  "getVendorsPath",
  "getTempPath",
  "getMockDirectoryForModule",
  "getScenarioPathForModule",
  "getLocalesPathForModule",
  "combineUrlFragments",
  "joinUrlFragments",
  "getPublicUrl",
  "getPublicModulesUrl",
  "getPublicAppUrl",
  "getPublicVendorsUrl",
  "createModuleScriptUrl",
  "getReportFilename",
  "STATIC_DIR",
  "ONE_APP_DIR",
  "MODULES_DIR",
  "EXTERNAL_DIR",
  "TEMP_DIR",
  "clearPublisher",
  "setPublisher",
  "publish",
  "vol",
  "vfs",
  "ufs",
  "watchFiles",
  "createLanguagePackWatchEventHandler",
  "createLanguagePackWatcher",
]
`;
