// Jest Snapshot v1, https://goo.gl/fbAQLP

exports['index watches the locale directory for changes 1'] = `
Array [
  Array [
    "module/path/locale",
    Object {
      "ignoreInitial": true,
    },
  ],
]
`;
