// Jest Snapshot v1, https://goo.gl/fbAQLP

exports['renderDocument renders static html from the props passed 1'] = '"<!DOCTYPE html><html lang=\\"en-US\\"><head><title>Holocron dev server</title></head><body><div id=\\"root\\"></div><script id=\\"initial-state\\">window.__render_mode__ = \'render\';window.__webpack_public_path__ = \'/static/app/\';window.__holocron_module_bundle_type__ = \'browser\';window.__pwa_metadata__ = { serviceWorker: false };window.__CLIENT_HOLOCRON_MODULE_MAP__ = {\\"modules\\":{\\"root-module\\":{\\"browser\\":\\"root-module.js\\"}}};window.__INITIAL_STATE__ = {\\"config\\":{\\"cdnUrl\\":\\"/static/modules/\\",\\"rootModuleName\\":\\"root-module\\"},\\"intl\\":{\\"activeLocale\\":\\"en-US\\"}};</script><script src=\\"/static/app/app~vendors.js\\"></script><script src=\\"/static/app/runtime.js\\"></script><script src=\\"/static/app/vendors.js\\"></script><script src=\\"/static/app/i18n/en-us.js\\"></script><script src=\\"/static/modules/runtime/runtime.js\\"></script><script src=\\"child-module\\"></script><script src=\\"child-module\\"></script><script src=\\"another-child-module\\"></script><script src=\\"/static/app/app.js\\"></script></body></html>"';
