// Jest Snapshot v1, https://goo.gl/fbAQLP

exports[`drop-module should remove the module from the module map 1`] = `
Object {
  "/mocked/static/module-map.json": "{\\"modules\\":{\\"another-module\\":{\\"node\\":{\\"url\\":\\"https://example.com/cdn/another-module/6.7.8/another-module.node.js\\",\\"integrity\\":\\"123\\"},\\"browser\\":{\\"url\\":\\"https://example.com/cdn/another-module/6.7.8/another-module.browser.js\\",\\"integrity\\":\\"234\\"},\\"legacyBrowser\\":{\\"url\\":\\"https://example.com/cdn/another-module/6.7.8/another-module.legacy.browser.js\\",\\"integrity\\":\\"345\\"}}}}",
}
`;

exports[`drop-module should throw an error if it cannot access the module map 1`] = `"No modules are currently being served"`;
