// Jest Snapshot v1, https://goo.gl/fbAQLP

exports[`exports all node API functions 1`] = `
Array [
  "createConfig",
  "holocronDevServer",
]
`;
