// Jest Snapshot v1, https://goo.gl/fbAQLP

exports[`startApp Displays an error if createNetwork fails: create network calls 1`] = `[Error: Error creating network]`;

exports[`startApp Passes the container name to the docker --name flag 1`] = `"docker pull one-app:5.0.0 && docker run -t -p 3000:3000 -p 3001:3001 -p 3002:3002 -p 3005:3005 -e NODE_ENV=development --name=one-app-at-test    -v /path/to/module-a:/opt/module-workspace/module-a  one-app:5.0.0 /bin/sh -c \\"npm run serve-module /opt/module-workspace/module-a &&   node lib/server/index.js --root-module-name=frank-lloyd-root --module-map-url=https://example.com/module-map.json  \\""`;

exports[`startApp bypasses docker pull when the offline flag is passed 1`] = `" docker run -t -p 3000:3000 -p 3001:3001 -p 3002:3002 -p 3005:3005 -e NODE_ENV=development     -v /path/to/module-a:/opt/module-workspace/module-a  one-app:5.0.0 /bin/sh -c \\"npm run serve-module /opt/module-workspace/module-a &&   node lib/server/index.js --root-module-name=frank-lloyd-root --module-map-url=https://example.com/module-map.json  \\""`;

exports[`startApp creates a docker network when the flag is provided: create network calls 1`] = `
Array [
  Array [
    Object {
      "name": "one-test-environment-1234",
    },
  ],
]
`;

exports[`startApp forwards NODE_EXTRA_CA_CERTS from process.env 1`] = `"docker pull one-app:5.0.0 && docker run -t -p 3000:3000 -p 3001:3001 -p 3002:3002 -p 3005:3005 -e NODE_ENV=development     -v /process/env/location/extra_certs.pem:/opt/certs.pem -e NODE_EXTRA_CA_CERTS='/opt/certs.pem' one-app:5.0.0 /bin/sh -c \\"   node lib/server/index.js --root-module-name=frank-lloyd-root --module-map-url=https://example.com/module-map.json  \\""`;

exports[`startApp mounts and serves modules in docker run if module paths are provided 1`] = `"docker pull one-app:5.0.0 && docker run -t -p 3000:3000 -p 3001:3001 -p 3002:3002 -p 3005:3005 -e NODE_ENV=development     -v /path/to/module-a:/opt/module-workspace/module-a -v /path/to-module-b:/opt/module-workspace/to-module-b  one-app:5.0.0 /bin/sh -c \\"npm run serve-module /opt/module-workspace/module-a &&npm run serve-module /opt/module-workspace/to-module-b &&   node lib/server/index.js --root-module-name=frank-lloyd-root --module-map-url=https://example.com/module-map.json  \\""`;

exports[`startApp mounts and serves modules in docker run if module paths are provided and moduleMapUrl is not 1`] = `"docker pull one-app:5.0.0 && docker run -t -p 3000:3000 -p 3001:3001 -p 3002:3002 -p 3005:3005 -e NODE_ENV=development     -v /path/to/module-a:/opt/module-workspace/module-a -v /path/to-module-b:/opt/module-workspace/to-module-b  one-app:5.0.0 /bin/sh -c \\"npm run serve-module /opt/module-workspace/module-a &&npm run serve-module /opt/module-workspace/to-module-b &&   node lib/server/index.js --root-module-name=frank-lloyd-root   \\""`;

exports[`startApp pulls one app docker image and starts one app 1`] = `"docker pull one-app:5.0.0 && docker run -t -p 3000:3000 -p 3001:3001 -p 3002:3002 -p 3005:3005 -e NODE_ENV=development      one-app:5.0.0 /bin/sh -c \\"   node lib/server/index.js --root-module-name=frank-lloyd-root --module-map-url=https://example.com/module-map.json  \\""`;

exports[`startApp runner configs envVar NODE_EXTRA_CA_CERTS has priority over process.env 1`] = `"docker pull one-app:5.0.0 && docker run -t -p 3000:3000 -p 3001:3001 -p 3002:3002 -p 3005:3005 -e NODE_ENV=development    -e NODE_EXTRA_CA_CERTS=/envVar/location/cert.pem  -v /envVar/location/cert.pem:/opt/certs.pem -e NODE_EXTRA_CA_CERTS='/opt/certs.pem' one-app:5.0.0 /bin/sh -c \\"   node lib/server/index.js --root-module-name=frank-lloyd-root --module-map-url=https://example.com/module-map.json  \\""`;

exports[`startApp runs docker run with environment variables 1`] = `"docker pull one-app:5.0.0 && docker run -t -p 3000:3000 -p 3001:3001 -p 3002:3002 -p 3005:3005 -e NODE_ENV=development    -e MY_VAR=123   one-app:5.0.0 /bin/sh -c \\"   node lib/server/index.js --root-module-name=frank-lloyd-root --module-map-url=https://example.com/module-map.json  \\""`;

exports[`startApp runs docker run with proxy environment variables if they are set on the users system 1`] = `"docker pull one-app:5.0.0 && docker run -t -p 9000:9000 -p 9001:9001 -p 9002:9002 -p 9005:9005 -e NODE_ENV=development    -e MY_VAR=123 -e HTTP_PROXY=\\"https://example.com/proxy\\" -e HTTPS_PROXY=\\"https://example.com/proxy\\" -e NO_PROXY=\\"localhost\\" -e HTTP_PORT=\\"9000\\" -e HTTP_ONE_APP_DEV_CDN_PORT=\\"9001\\" -e HTTP_ONE_APP_DEV_PROXY_SERVER_PORT=\\"9002\\" -e HTTP_METRICS_PORT=\\"9005\\"   one-app:5.0.0 /bin/sh -c \\"   node lib/server/index.js --root-module-name=frank-lloyd-root --module-map-url=https://example.com/module-map.json  \\""`;

exports[`startApp runs set dev endpoints command in docker run if dev endpoints file is provided 1`] = `"docker pull one-app:5.0.0 && docker run -t -p 3000:3000 -p 3001:3001 -p 3002:3002 -p 3005:3005 -e NODE_ENV=development     -v /path/to/module-a:/opt/module-workspace/module-a  one-app:5.0.0 /bin/sh -c \\"npm run serve-module /opt/module-workspace/module-a &&  npm run set-dev-endpoints /opt/module-workspace/module-a/dev.endpoints.js && node lib/server/index.js --root-module-name=frank-lloyd-root --module-map-url=https://example.com/module-map.json  \\""`;

exports[`startApp runs set middleware command and starts one app with mock flag in docker run if parrot middleware file is provided 1`] = `"docker pull one-app:5.0.0 && docker run -t -p 3000:3000 -p 3001:3001 -p 3002:3002 -p 3005:3005 -e NODE_ENV=development     -v /path/to/module-a:/opt/module-workspace/module-a  one-app:5.0.0 /bin/sh -c \\"npm run serve-module /opt/module-workspace/module-a && npm run set-middleware /opt/module-workspace/module-a/dev.middleware.js &&  node lib/server/index.js --root-module-name=frank-lloyd-root --module-map-url=https://example.com/module-map.json -m \\""`;

exports[`startApp sets the network to join if the network name is provided 1`] = `"docker pull one-app:5.0.0 && docker run -t -p 3000:3000 -p 3001:3001 -p 3002:3002 -p 3005:3005 -e NODE_ENV=development  --network=one-test-environment-1234   -v /path/to/module-a:/opt/module-workspace/module-a  one-app:5.0.0 /bin/sh -c \\"npm run serve-module /opt/module-workspace/module-a &&   node lib/server/index.js --root-module-name=frank-lloyd-root --module-map-url=https://example.com/module-map.json  \\""`;

exports[`startApp should throw an error if createDockerNetwork is true but dockerNetworkToJoin is not provided: create network calls 1`] = `[Error: createDockerNetwork is true but dockerNetworkToJoin is undefined, please pass a valid network name]`;

exports[`startApp throws an error if command errors: onErrorFunction 1`] = `"Error running docker. Are you sure you have it installed? For installation and setup details see https://www.docker.com/products/docker-desktop"`;

exports[`startApp uses host instead of localhost when the useHost flag is passed 1`] = `"docker pull one-app:5.0.0 && docker run -t -p 3000:3000 -p 3001:3001 -p 3002:3002 -p 3005:3005 -e NODE_ENV=development     -v /path/to/module-a:/opt/module-workspace/module-a  one-app:5.0.0 /bin/sh -c \\"npm run serve-module /opt/module-workspace/module-a &&   node lib/server/index.js --root-module-name=frank-lloyd-root --module-map-url=https://example.com/module-map.json  --use-host\\""`;
